P16 assembler v1.4.0 (Mar  6 2023)	lab01.lst	Wed Mar 15 13:09:17 2023

Sections
Index   Name            Address   Size
0       .text           0000      0012 18

Symbols
Name                    Type      Value       Section
line#23                 LABEL     0010 16     .text
while                   LABEL     0006 6      .text
while_end               LABEL     0010 16     .text

Code listing
   1           	; -----------------------------------------------------------------------------
   2           	; Ficheiro:  lab01.S
   3           	; Descricao: Codigo de suporte a realizacao da 1a atividade laboratorial de AC.
   4           	; Autor:     Tiago M Dias (tiago.dias@isel.pt)
   5           	; Data:      11-03-2022
   6           	; -----------------------------------------------------------------------------
   7           	
   8           		; r0 guarda o valor da variavel M
   9           		; r1 guarda o valor da variavel m
  10           		; r2 guarda o valor da variavel p
  11           		; r3 e utilizado para guardar valores temporariamente
  12           	
  13 0000 02 60	mov r2, #0
  14 0002 80 B9	cmp r0, r3
  15 0004 05 40	beq while_end
  16           	while:
  17 0006 B0 B8		cmp r3, r1
  18 0008 03 4C		bhs while_end
  19 000A 22 80		add r2, r2, r0
  20 000C 91 A8		sub r1, r1, #1
  21 000E FB 5B		b while
  22           	while_end:
  23 0010 FF 5B		b  .
